{
  "mode": "advance_only",
  "seconds": 180.0,
  "seed": 42,
  "hz": 2.0,
  "sample_count": 90,
  "rss_start_mib": 42.58984375,
  "rss_end_mib": 44.6796875,
  "rss_delta_mib": 2.08984375,
  "rss_ols_slope_mib_per_hour": 50.277607362672434,
  "rss_segment_medians_mib": [
    42.9609375,
    43.40234375,
    44.658203125
  ],
  "sustained_segment_growth": true,
  "db_growth_mib": -3.626312255859375,
  "traced_heap_delta_mib": 0.36377429962158203,
  "traced_heap0_mib": 0.3056306838989258,
  "sqlite": {
    "events": 1517,
    "tick_events": 360,
    "payload_mib": 1.1448440551757812,
    "snapshots": 2,
    "snapshot_avg_bytes": 225606.5,
    "freelist_pages": 1541,
    "page_count": 2242
  },
  "final_objects": {
    "tick": 357,
    "recurrence_hypotheses": 0,
    "dedup": {
      "recent": 0,
      "retained": 0,
      "compacted": 0
    },
    "frame_ring": 0,
    "gc_counts": [
      313,
      0,
      0
    ],
    "gc_stats": [
      {
        "collections": 0,
        "collected": 0,
        "uncollectable": 0
      },
      {
        "collections": 3,
        "collected": 160,
        "uncollectable": 0
      },
      {
        "collections": 0,
        "collected": 0,
        "uncollectable": 0
      }
    ]
  },
  "harness_only": true,
  "production_unreachable": true
}
jumps 1
