{
  "mode": "P0_omit_advance",
  "seconds": 180.0,
  "seed": 42,
  "hz": 2.0,
  "sample_count": 90,
  "rss_start_mib": 42.69140625,
  "rss_end_mib": 44.78515625,
  "rss_delta_mib": 2.09375,
  "rss_ols_slope_mib_per_hour": 50.45948841327998,
  "rss_segment_medians_mib": [
    43.064453125,
    43.51953125,
    44.767578125
  ],
  "sustained_segment_growth": true,
  "db_growth_mib": -3.630218505859375,
  "traced_heap_delta_mib": 0.3639993667602539,
  "traced_heap0_mib": 0.305694580078125,
  "sqlite": {
    "events": 1517,
    "tick_events": 360,
    "payload_mib": 1.1449050903320312,
    "snapshots": 2,
    "snapshot_avg_bytes": 225605.5,
    "freelist_pages": 1541,
    "page_count": 2241
  },
  "final_objects": {
    "tick": 357,
    "recurrence_hypotheses": 0,
    "dedup": {
      "recent": 0,
      "retained": 0,
      "compacted": 0
    },
    "frame_ring": 0,
    "gc_counts": [
      313,
      0,
      0
    ],
    "gc_stats": [
      {
        "collections": 0,
        "collected": 0,
        "uncollectable": 0
      },
      {
        "collections": 3,
        "collected": 160,
        "uncollectable": 0
      },
      {
        "collections": 0,
        "collected": 0,
        "uncollectable": 0
      }
    ]
  },
  "harness_only": true,
  "production_unreachable": true
}
jumps 1
