{
  "mode": "P0_trim_snapshot",
  "seconds": 180.0,
  "seed": 42,
  "hz": 2.0,
  "sample_count": 90,
  "rss_start_mib": 42.56640625,
  "rss_end_mib": 44.30859375,
  "rss_delta_mib": 1.7421875,
  "rss_ols_slope_mib_per_hour": 38.032060407390766,
  "rss_segment_medians_mib": [
    42.953125,
    43.40625,
    44.208984375
  ],
  "sustained_segment_growth": true,
  "db_growth_mib": -3.630218505859375,
  "traced_heap_delta_mib": 0.3674774169921875,
  "traced_heap0_mib": 0.30632591247558594,
  "sqlite": {
    "events": 1517,
    "tick_events": 360,
    "payload_mib": 1.1448745727539062,
    "snapshots": 2,
    "snapshot_avg_bytes": 225606.5,
    "freelist_pages": 1541,
    "page_count": 2241
  },
  "final_objects": {
    "tick": 357,
    "recurrence_hypotheses": 0,
    "dedup": {
      "recent": 0,
      "retained": 0,
      "compacted": 0
    },
    "frame_ring": 0,
    "gc_counts": [
      313,
      0,
      0
    ],
    "gc_stats": [
      {
        "collections": 0,
        "collected": 0,
        "uncollectable": 0
      },
      {
        "collections": 3,
        "collected": 160,
        "uncollectable": 0
      },
      {
        "collections": 0,
        "collected": 0,
        "uncollectable": 0
      }
    ]
  },
  "harness_only": true,
  "production_unreachable": true
}
jumps 1
